Startpoint: _56_ (rising edge-triggered flip-flop clocked by clk)
Endpoint: _51_ (rising edge-triggered flip-flop clocked by clk)
Path Group: clk
Path Type: min

    Delay      Time   Description
-------------------------------------------------------------
   0.0000    0.0000   clock clk (rise edge)
   0.3000    0.3000   clock network delay (ideal)
   0.0000    0.3000 ^ _56_/CK (DFFR_X1)
   0.0552    0.3552 v _56_/Q (DFFR_X1)
   0.0165    0.3717 ^ _40_/ZN (XNOR2_X1)
   0.0105    0.3822 v _47_/ZN (XNOR2_X1)
   0.0140    0.3962 v hold_buf_2_0/Z (BUF_X1)
   0.0135    0.4097 v hold_buf_2_1/Z (BUF_X1)
   0.0000    0.4097 v _51_/D (DFFR_X1)
             0.4097   data arrival time

   0.0000    0.0000   clock clk (rise edge)
   0.3000    0.3000   clock network delay (ideal)
   0.1000    0.4000   clock uncertainty
   0.0000    0.4000   clock reconvergence pessimism
             0.4000 ^ _51_/CK (DFFR_X1)
   0.0033    0.4033   library hold time
             0.4033   data required time
-------------------------------------------------------------
             0.4033   data required time
            -0.4097   data arrival time
-------------------------------------------------------------
             0.0064   slack (MET)


